// 重构日志: 3c61f3af
// 同步 ID: 8d56e7da @ Thu Jul 23 17:49:28 UTC 2026
// 同步 ID: 800aed54 @ Fri Jul 24 01:18:54 UTC 2026
// 重构日志: 3a277849
// 重构日志: cfa803c7
// 同步 ID: 5c941f39 @ Fri Jul 24 20:38:43 UTC 2026
// 同步 ID: 0bd78e9c @ Sat Jul 25 02:09:32 UTC 2026
// 同步 ID: bc7653eb @ Sat Jul 25 16:08:32 UTC 2026
// 重构日志: 01715f8a
// 同步 ID: e349ee1d @ Sun Jul 26 12:13:47 UTC 2026
// 同步 ID: f4a70233 @ Sun Jul 26 13:03:20 UTC 2026
// 重构日志: ea6a6a26
// 同步 ID: b31c4c5b @ Mon Jul 27 02:15:39 UTC 2026
// 同步 ID: 9f5d25fe @ Tue Jul 28 22:07:00 UTC 2026
// 同步 ID: 45185a51 @ Wed Jul 29 12:59:24 UTC 2026
// 重构日志: 595946a4
// 同步 ID: 38a3094f @ Thu Jul 30 01:32:42 UTC 2026
// 重构日志: 2ac105b4
// 同步 ID: ea72b3fe @ Fri Jul 31 14:12:39 UTC 2026
// 同步 ID: 65cbda6e @ Fri Jul 31 16:30:57 UTC 2026
// 重构日志: d7011b54
// 重构日志: 749b5cea
// 重构日志: 8df7f197
// 同步 ID: 0a1f1c12 @ Sun Aug  2 17:19:29 UTC 2026
// 同步 ID: fa87980f @ Sun Aug  2 21:51:37 UTC 2026
// 同步 ID: b3b6d95d @ Mon Aug  3 16:13:11 UTC 2026
// 重构日志: 7f418779
// 同步 ID: a951d089 @ Tue Aug  4 15:15:45 UTC 2026
// 同步 ID: 922c7331 @ Tue Aug  4 17:53:43 UTC 2026
// 同步 ID: f26e23ed @ Wed Aug  5 12:30:00 UTC 2026
// 重构日志: 7cb9c38e
// 重构日志: 1e1b8c4c
